{"release1":{"platform1":{"bin":"b11\n"},"platform2":{"bin":"b12\n"}},"release2":{"platform1":{"bin":"b21\n"},"platform2":{"bin":"b22\n"}}}